GDTEST_ANALYZER_ERROR
Value of type "int" cannot be assigned to a variable of type "String".
