GDTEST_PARSER_ERROR
"class_name" should be used before annotations.
