GDTEST_PARSER_ERROR
Used "\t" for indentation instead " " as used before in the file.
